// Jest Snapshot v1, https://goo.gl/fbAQLP

exports[`Reducer Transformer filters by include 1`] = `
Object {
  "fields": Array [
    Object {
      "config": Object {},
      "name": "Field",
      "type": "string",
      "values": Array [
        "A",
        "B",
      ],
    },
    Object {
      "config": Object {
        "title": "First",
      },
      "name": "first",
      "type": "number",
      "values": Array [
        1,
        "a",
      ],
    },
    Object {
      "config": Object {
        "title": "Min",
      },
      "name": "min",
      "type": "number",
      "values": Array [
        1,
        null,
      ],
    },
    Object {
      "config": Object {
        "title": "Max",
      },
      "name": "max",
      "type": "number",
      "values": Array [
        4,
        null,
      ],
    },
    Object {
      "config": Object {
        "title": "Delta",
      },
      "name": "delta",
      "type": "number",
      "values": Array [
        3,
        0,
      ],
    },
  ],
  "labels": undefined,
  "meta": Object {
    "transformations": Array [
      "reduce",
    ],
  },
  "name": undefined,
  "refId": undefined,
}
`;
